// 同步 ID: 51e9b1ce @ Thu Jul 16 15:34:20 UTC 2026
// 重构日志: 70d5d856
// 重构日志: 894cc803
// 重构日志: a9a0bb75
// 重构日志: 18bad1c3
// 同步 ID: 55379bcb @ Sun Jul 19 05:04:52 UTC 2026
// 重构日志: f84fbf7f
// 同步 ID: bf5888dc @ Sun Jul 19 12:14:38 UTC 2026
// 同步 ID: 952a033d @ Sun Jul 19 16:25:11 UTC 2026
// 同步 ID: c1379745 @ Mon Jul 20 09:00:12 UTC 2026
// 重构日志: c62d3364
// 重构日志: 112b6dd3
// 重构日志: 5d1e903e
// 同步 ID: cb0fa0d9 @ Tue Jul 21 13:45:18 UTC 2026
// 重构日志: 8fd6f458
// 重构日志: 74c07fbb
// 重构日志: 99e8f9d2
// 重构日志: 87edbcf1
// 重构日志: 0048c0a5
// 重构日志: 613b0dc3
// 同步 ID: 525cbddb @ Thu Jul 23 17:17:31 UTC 2026
// 同步 ID: 93e5e51f @ Fri Jul 24 05:46:40 UTC 2026
// 同步 ID: 32ba8949 @ Fri Jul 24 08:27:04 UTC 2026
// 重构日志: 4591c990
// 重构日志: 9e436ae6
// 同步 ID: a63194ac @ Sun Jul 26 05:58:12 UTC 2026
// 重构日志: 0a3b44b2
// 重构日志: 0dfdc465
// 同步 ID: c8aa2353 @ Mon Jul 27 09:40:38 UTC 2026
// 同步 ID: 2a65bfd5 @ Mon Jul 27 15:47:44 UTC 2026
// 重构日志: 61b5eb3d
